2790
94
3070
5170
929
2456
4176
1458
4324
1458
4890
1382
3959
130
2661
438
975
1000
5460
1170
3219
2347
3544
38
5759
2088
1190
2519
286
3451
3337
1342
1159
1899
3390
5525
1469
147
907
2422
1062
213
1240
4622
4745
417
2512
2785
190
3051
510
1764
1972
4004
1743
745
292
1964
4328
4259
5787
186
4499
1058
4110
993
1409
1238
2510
6503
667
1036
1466
5559
1001
4704
476
780
43
2857
906
3759
1017
452
860
403
3492
3599
231
1310
845
296
42
3795
701
1242
3918
1157
974
3179
541
2260
1104
1992
5760
8025
239
2956
4
3726
1288
511
166
3491
